run_id: run_20260418_022012
book_id: criticulous_the_rng_hellscape
started_at: 2026-04-18T02:20:12Z
[bookforge] Outline pipeline summary:
- Result: ERROR
- Phase failed: phase_03_scene_draft
- Reason codes: outline_schema
- Seam outcomes: candidates=0 selected=0 inserted=0 blocked=0 exact_conflicts=0 unresolved_required_insertions=0
- Report: workspace\books\criticulous_the_rng_hellscape\outline\pipeline_runs\20260404_041439\outline_pipeline_report.json
[bookforge] WRITE GATE BYPASS ENABLED: continuing despite outline pipeline status ERROR. Report: workspace\books\criticulous_the_rng_hellscape\outline\pipeline_runs\20260404_041439\outline_pipeline_report.json
outline_gate_bypass=true reason=status_error
outline_attention_ack=false
[bookforge] Using existing scene card: ch001 sc001
[bookforge] Loading character states (cast only): ch001 sc001...
[bookforge] Character states loaded OK
[bookforge] Character state snapshots written: 1
[bookforge] Preflight state alignment: ch001 sc001...
[bookforge] Using preflight patch from phase history
[bookforge] Preflight alignment complete OK
[bookforge] Generating continuity pack: ch001 sc001...
[bookforge] Using continuity pack from phase history
[bookforge] Continuity pack ready OK
[bookforge] Writing scene: ch001 sc001...
[bookforge] Write complete OK
[bookforge] Repairing state: ch001 sc001...
[bookforge] State repair complete OK
[bookforge] Linting scene: ch001 sc001...
[bookforge] Lint status: fail
[bookforge] Repairing scene: ch001 sc001...
[bookforge] Repair complete OK
[bookforge] Repairing state: ch001 sc001...
[bookforge] State repair complete OK
[bookforge] Linting scene: ch001 sc001...
[bookforge] Lint status: pass
[bookforge] Applying state patch...
[bookforge] State updated OK
[bookforge] Updating character states...
[bookforge] Character states updated OK
[bookforge] Persisting scene files...
[bookforge] Scene files written OK
[bookforge] Advancing cursor -> ch001 sc002
[bookforge] Planning chapter 1 scene 2...
[bookforge] Planned scene card: ch001 sc002 OK
[bookforge] Loading character states (cast only): ch001 sc002...
[bookforge] Character states loaded OK
[bookforge] Character state snapshots written: 1
[bookforge] Preflight state alignment: ch001 sc002...
[bookforge] Preflight alignment complete OK
[bookforge] Generating continuity pack: ch001 sc002...
[bookforge] Continuity pack ready OK
[bookforge] Writing scene: ch001 sc002...
[bookforge] Write complete OK
[bookforge] Repairing state: ch001 sc002...
[bookforge] State repair complete OK
[bookforge] Linting scene: ch001 sc002...
[bookforge] Lint status: pass
[bookforge] Applying state patch...
[bookforge] State updated OK
[bookforge] Updating character states...
[bookforge] Character states updated OK
[bookforge] Persisting scene files...
[bookforge] Scene files written OK
[bookforge] Advancing cursor -> ch001 sc003
[bookforge] Planning chapter 1 scene 3...
[bookforge] Planned scene card: ch001 sc003 OK
[bookforge] Loading character states (cast only): ch001 sc003...
[bookforge] Character states loaded OK
[bookforge] Character state snapshots written: 1
[bookforge] Preflight state alignment: ch001 sc003...
[bookforge] Preflight alignment complete OK
[bookforge] Generating continuity pack: ch001 sc003...
[bookforge] Continuity pack ready OK
[bookforge] Writing scene: ch001 sc003...
[bookforge] Write complete OK
[bookforge] Repairing state: ch001 sc003...
[bookforge] State repair complete OK
[bookforge] Linting scene: ch001 sc003...
[bookforge] Lint status: fail
[bookforge] Repairing scene: ch001 sc003...
[bookforge] Repair complete OK
[bookforge] Repairing state: ch001 sc003...
[bookforge] State repair complete OK
[bookforge] Linting scene: ch001 sc003...
[bookforge] Lint status: fail
[bookforge] Repairing scene: ch001 sc003...
[bookforge] Repair complete OK
[bookforge] Repairing state: ch001 sc003...
[bookforge] State repair complete OK
[bookforge] Linting scene: ch001 sc003...
[bookforge] Lint status: fail
[bookforge] Applying state patch...
[bookforge] State updated OK
[bookforge] Updating character states...
[bookforge] Character states updated OK
[bookforge] Persisting scene files...
[bookforge] Scene files written OK
[bookforge] Rolling up chapter summary: ch001...
[bookforge] Compiling chapter: ch001...
[bookforge] Chapter compiled OK
[bookforge] Advancing cursor -> ch002 sc001
