run_id: run_20260418_113358
book_id: criticulous_the_rng_hellscape
started_at: 2026-04-18T11:33:58Z
[bookforge] Outline pipeline summary:
- Result: ERROR
- Phase failed: phase_03_scene_draft
- Reason codes: outline_schema
- Seam outcomes: candidates=0 selected=0 inserted=0 blocked=0 exact_conflicts=0 unresolved_required_insertions=0
- Report: workspace\books\criticulous_the_rng_hellscape\outline\pipeline_runs\20260404_041439\outline_pipeline_report.json
[bookforge] WRITE GATE BYPASS ENABLED: continuing despite outline pipeline status ERROR. Report: workspace\books\criticulous_the_rng_hellscape\outline\pipeline_runs\20260404_041439\outline_pipeline_report.json
outline_gate_bypass=true reason=status_error
outline_attention_ack=false
[bookforge] Planning chapter 2 scene 1...
[bookforge] Planned scene card: ch002 sc001 OK
[bookforge] Loading character states (cast only): ch002 sc001...
[bookforge] Character states loaded OK
[bookforge] Character state snapshots written: 2
[bookforge] Preflight state alignment: ch002 sc001...
[bookforge] Preflight alignment complete OK
[bookforge] Generating continuity pack: ch002 sc001...
[bookforge] Continuity pack ready OK
[bookforge] Writing scene: ch002 sc001...
[bookforge] Write complete OK
[bookforge] Repairing state: ch002 sc001...
[bookforge] State repair complete OK
[bookforge] Linting scene: ch002 sc001...
[bookforge] Lint status: fail
[bookforge] Repairing scene: ch002 sc001...
[bookforge] Repair complete OK
[bookforge] Repairing state: ch002 sc001...
[bookforge] State repair complete OK
[bookforge] Linting scene: ch002 sc001...
[bookforge] Lint status: fail
[bookforge] Repairing scene: ch002 sc001...
[bookforge] Repair complete OK
[bookforge] Repairing state: ch002 sc001...
[bookforge] State repair complete OK
[bookforge] Linting scene: ch002 sc001...
[bookforge] Lint status: fail
[bookforge] Applying state patch...
[bookforge] State updated OK
[bookforge] Updating character states...
[bookforge] Character states updated OK
[bookforge] Persisting scene files...
[bookforge] Scene files written OK
[bookforge] Advancing cursor -> ch002 sc002
[bookforge] Planning chapter 2 scene 2...
[bookforge] Planned scene card: ch002 sc002 OK
[bookforge] Loading character states (cast only): ch002 sc002...
[bookforge] Character states loaded OK
[bookforge] Character state snapshots written: 2
[bookforge] Preflight state alignment: ch002 sc002...
[bookforge] Preflight alignment complete OK
[bookforge] Generating continuity pack: ch002 sc002...
[bookforge] Continuity pack ready OK
[bookforge] Writing scene: ch002 sc002...
[bookforge] Write complete OK
[bookforge] Repairing state: ch002 sc002...
[bookforge] State repair complete OK
[bookforge] Linting scene: ch002 sc002...
[bookforge] Lint status: fail
[bookforge] Repairing scene: ch002 sc002...
[bookforge] Repair complete OK
[bookforge] Repairing state: ch002 sc002...
[bookforge] State repair complete OK
[bookforge] Linting scene: ch002 sc002...
[bookforge] Lint status: fail
[bookforge] Repairing scene: ch002 sc002...
[bookforge] Repair complete OK
