run_id: run_20260417_150636
book_id: criticulous_the_rng_hellscape
started_at: 2026-04-17T15:06:36Z
[bookforge] Outline pipeline summary:
- Result: ERROR
- Phase failed: phase_03_scene_draft
- Reason codes: outline_schema
- Seam outcomes: candidates=0 selected=0 inserted=0 blocked=0 exact_conflicts=0 unresolved_required_insertions=0
- Report: workspace\books\criticulous_the_rng_hellscape\outline\pipeline_runs\20260404_041439\outline_pipeline_report.json
[bookforge] WRITE GATE BYPASS ENABLED: continuing despite outline pipeline status ERROR. Report: workspace\books\criticulous_the_rng_hellscape\outline\pipeline_runs\20260404_041439\outline_pipeline_report.json
outline_gate_bypass=true reason=status_error
outline_attention_ack=false
[bookforge] Planning chapter 1 scene 1...
[bookforge] Planned scene card: ch001 sc001 OK
[bookforge] Loading character states (cast only): ch001 sc001...
[bookforge] Character states loaded OK
[bookforge] Character state snapshots written: 1
[bookforge] Preflight state alignment: ch001 sc001...
[bookforge] Durable state updated (preflight) OK
[bookforge] Preflight alignment complete OK
[bookforge] Generating continuity pack: ch001 sc001...
[bookforge] Continuity pack ready OK
