run_id: run_20260420_193624
book_id: veiled_ledger_b1
started_at: 2026-04-20T19:36:24Z
[bookforge] Outline pipeline summary:
- Result: SUCCESS
- Seam outcomes: candidates=16 selected=16 inserted=0 blocked=0 exact_conflicts=0 unresolved_required_insertions=0
- Report: workspace\books\veiled_ledger_b1\outline\pipeline_runs\20260419_050005\outline_pipeline_report.json
outline_attention_ack=false
outline_gate_bypass=false
[bookforge] Planning chapter 4 scene 1...
[bookforge] Planned scene card: ch004 sc001 OK
[bookforge] Loading character states (cast only): ch004 sc001...
[bookforge] Character states loaded OK
[bookforge] Character state snapshots written: 3
[bookforge] Preflight state alignment: ch004 sc001...
[bookforge] Preflight alignment complete OK
[bookforge] Generating continuity pack: ch004 sc001...
[bookforge] Continuity pack ready OK
[bookforge] Writing scene: ch004 sc001...
[bookforge] Write complete OK
[bookforge] Repairing state: ch004 sc001...
[bookforge] State repair complete OK
[bookforge] Linting scene: ch004 sc001...
[bookforge] Lint status: pass
[bookforge] Applying state patch...
[bookforge] State updated OK
[bookforge] Updating character states...
[bookforge] Character states updated OK
[bookforge] Durable state updated OK
[bookforge] Persisting scene files...
[bookforge] Scene files written OK
[bookforge] Advancing cursor -> ch004 sc002
[bookforge] Planning chapter 4 scene 2...
[bookforge] Planned scene card: ch004 sc002 OK
[bookforge] Loading character states (cast only): ch004 sc002...
[bookforge] Character states loaded OK
[bookforge] Character state snapshots written: 3
[bookforge] Preflight state alignment: ch004 sc002...
[bookforge] Preflight alignment complete OK
[bookforge] Generating continuity pack: ch004 sc002...
[bookforge] Continuity pack ready OK
[bookforge] Writing scene: ch004 sc002...
[bookforge] Write complete OK
[bookforge] Repairing state: ch004 sc002...
[bookforge] State repair complete OK
[bookforge] Linting scene: ch004 sc002...
[bookforge] Lint status: pass
[bookforge] Applying state patch...
[bookforge] State updated OK
[bookforge] Updating character states...
[bookforge] Character states updated OK
[bookforge] Durable state updated OK
[bookforge] Persisting scene files...
[bookforge] Scene files written OK
[bookforge] Advancing cursor -> ch004 sc003
[bookforge] Planning chapter 4 scene 3...
[bookforge] Planned scene card: ch004 sc003 OK
[bookforge] Loading character states (cast only): ch004 sc003...
[bookforge] Character states loaded OK
[bookforge] Character state snapshots written: 3
[bookforge] Preflight state alignment: ch004 sc003...
[bookforge] Durable state updated (preflight) OK
[bookforge] Preflight alignment complete OK
[bookforge] Generating continuity pack: ch004 sc003...
[bookforge] Continuity pack ready OK
[bookforge] Writing scene: ch004 sc003...
[bookforge] Write complete OK
[bookforge] Repairing state: ch004 sc003...
[bookforge] State repair complete OK
[bookforge] Linting scene: ch004 sc003...
[bookforge] Lint status: pass
[bookforge] Applying state patch...
[bookforge] State updated OK
[bookforge] Updating character states...
[bookforge] Character states updated OK
[bookforge] Persisting scene files...
[bookforge] Scene files written OK
[bookforge] Rolling up chapter summary: ch004...
[bookforge] Compiling chapter: ch004...
[bookforge] Chapter compiled OK
[bookforge] Advancing cursor -> ch005 sc001
