run_id: run_20260420_215533
book_id: veiled_ledger_b1
started_at: 2026-04-20T21:55:33Z
[bookforge] Outline pipeline summary:
- Result: SUCCESS
- Seam outcomes: candidates=16 selected=16 inserted=0 blocked=0 exact_conflicts=0 unresolved_required_insertions=0
- Report: workspace\books\veiled_ledger_b1\outline\pipeline_runs\20260419_050005\outline_pipeline_report.json
outline_attention_ack=false
outline_gate_bypass=false
[bookforge] Planning chapter 5 scene 7...
[bookforge] Planned scene card: ch005 sc007 OK
[bookforge] Loading character states (cast only): ch005 sc007...
[bookforge] Character states loaded OK
[bookforge] Character state snapshots written: 3
[bookforge] Preflight state alignment: ch005 sc007...
[bookforge] Preflight alignment complete OK
[bookforge] Generating continuity pack: ch005 sc007...
[bookforge] Continuity pack ready OK
[bookforge] Writing scene: ch005 sc007...
[bookforge] Write complete OK
[bookforge] Repairing state: ch005 sc007...
[bookforge] State repair complete OK
[bookforge] Linting scene: ch005 sc007...
[bookforge] Lint status: pass
[bookforge] Applying state patch...
[bookforge] State updated OK
[bookforge] Updating character states...
[bookforge] Character states updated OK
[bookforge] Persisting scene files...
[bookforge] Scene files written OK
[bookforge] Advancing cursor -> ch005 sc008
[bookforge] Planning chapter 5 scene 8...
[bookforge] Planned scene card: ch005 sc008 OK
[bookforge] Loading character states (cast only): ch005 sc008...
[bookforge] Character states loaded OK
[bookforge] Character state snapshots written: 3
[bookforge] Preflight state alignment: ch005 sc008...
[bookforge] Preflight alignment complete OK
[bookforge] Generating continuity pack: ch005 sc008...
[bookforge] Continuity pack ready OK
[bookforge] Writing scene: ch005 sc008...
[bookforge] Write complete OK
[bookforge] Repairing state: ch005 sc008...
[bookforge] State repair complete OK
[bookforge] Linting scene: ch005 sc008...
[bookforge] Lint status: pass
[bookforge] Applying state patch...
[bookforge] State updated OK
[bookforge] Updating character states...
[bookforge] Character states updated OK
[bookforge] Persisting scene files...
[bookforge] Scene files written OK
[bookforge] Rolling up chapter summary: ch005...
[bookforge] Compiling chapter: ch005...
[bookforge] Chapter compiled OK
[bookforge] Advancing cursor -> ch006 sc001
