run_id: run_20260420_195324
book_id: veiled_ledger_b1
started_at: 2026-04-20T19:53:24Z
[bookforge] Outline pipeline summary:
- Result: SUCCESS
- Seam outcomes: candidates=16 selected=16 inserted=0 blocked=0 exact_conflicts=0 unresolved_required_insertions=0
- Report: workspace\books\veiled_ledger_b1\outline\pipeline_runs\20260419_050005\outline_pipeline_report.json
outline_attention_ack=false
outline_gate_bypass=false
[bookforge] Planning chapter 4 scene 4...
[bookforge] Planned scene card: ch004 sc004 OK
[bookforge] Loading character states (cast only): ch004 sc004...
[bookforge] Character states loaded OK
[bookforge] Character state snapshots written: 3
[bookforge] Preflight state alignment: ch004 sc004...
[bookforge] Preflight alignment complete OK
[bookforge] Generating continuity pack: ch004 sc004...
[bookforge] Continuity pack ready OK
[bookforge] Writing scene: ch004 sc004...
[bookforge] Write complete OK
[bookforge] Repairing state: ch004 sc004...
[bookforge] State repair complete OK
[bookforge] Linting scene: ch004 sc004...
[bookforge] Lint status: fail
[bookforge] Repairing scene: ch004 sc004...
[bookforge] Repair complete OK
[bookforge] Repairing state: ch004 sc004...
[bookforge] State repair complete OK
[bookforge] Linting scene: ch004 sc004...
[bookforge] Lint status: pass
[bookforge] Applying state patch...
[bookforge] State updated OK
[bookforge] Updating character states...
[bookforge] Character states updated OK
[bookforge] Persisting scene files...
[bookforge] Scene files written OK
[bookforge] Advancing cursor -> ch004 sc005
[bookforge] Planning chapter 4 scene 5...
[bookforge] Planned scene card: ch004 sc005 OK
[bookforge] Loading character states (cast only): ch004 sc005...
[bookforge] Character states loaded OK
[bookforge] Character state snapshots written: 3
[bookforge] Preflight state alignment: ch004 sc005...
[bookforge] Durable state updated (preflight) OK
[bookforge] Preflight alignment complete OK
[bookforge] Generating continuity pack: ch004 sc005...
[bookforge] Continuity pack ready OK
[bookforge] Writing scene: ch004 sc005...
[bookforge] Write complete OK
[bookforge] Repairing state: ch004 sc005...
[bookforge] State repair complete OK
[bookforge] Linting scene: ch004 sc005...
[bookforge] Lint status: fail
[bookforge] Repairing scene: ch004 sc005...
[bookforge] Repair complete OK
[bookforge] Repairing state: ch004 sc005...
[bookforge] State repair complete OK
[bookforge] Linting scene: ch004 sc005...
[bookforge] Lint status: fail
[bookforge] Repairing scene: ch004 sc005...
[bookforge] Repair complete OK
[bookforge] Repairing state: ch004 sc005...
[bookforge] State repair complete OK
[bookforge] Linting scene: ch004 sc005...
[bookforge] Lint status: fail
[bookforge] Repairing scene: ch004 sc005...
[bookforge] Repair complete OK
[bookforge] Repairing state: ch004 sc005...
[bookforge] State repair complete OK
[bookforge] Linting scene: ch004 sc005...
[bookforge] Lint status: fail
[bookforge] Repairing scene: ch004 sc005...
[bookforge] Repair complete OK
[bookforge] Repairing state: ch004 sc005...
[bookforge] State repair complete OK
[bookforge] Linting scene: ch004 sc005...
[bookforge] Lint status: fail
[bookforge] Repairing scene: ch004 sc005...
[bookforge] Repair complete OK
[bookforge] Repairing state: ch004 sc005...
[bookforge] State repair complete OK
[bookforge] Linting scene: ch004 sc005...
[bookforge] Lint status: fail
[bookforge] Repairing scene: ch004 sc005...
[bookforge] Repair complete OK
[bookforge] Repairing state: ch004 sc005...
[bookforge] State repair complete OK
[bookforge] Linting scene: ch004 sc005...
[bookforge] Lint status: fail
[bookforge] Repairing scene: ch004 sc005...
[bookforge] Repair complete OK
[bookforge] Repairing state: ch004 sc005...
[bookforge] State repair complete OK
[bookforge] Linting scene: ch004 sc005...
[bookforge] Lint status: fail
[bookforge] Repairing scene: ch004 sc005...
[bookforge] Repair complete OK
[bookforge] Repairing state: ch004 sc005...
[bookforge] State repair complete OK
[bookforge] Linting scene: ch004 sc005...
[bookforge] Lint status: fail
[bookforge] Applying state patch...
[bookforge] State updated OK
[bookforge] Updating character states...
[bookforge] Character states updated OK
[bookforge] Persisting scene files...
[bookforge] Scene files written OK
[bookforge] Advancing cursor -> ch004 sc006
[bookforge] Planning chapter 4 scene 6...
[bookforge] Planned scene card: ch004 sc006 OK
[bookforge] Loading character states (cast only): ch004 sc006...
[bookforge] Character states loaded OK
[bookforge] Character state snapshots written: 3
[bookforge] Preflight state alignment: ch004 sc006...
[bookforge] Preflight alignment complete OK
[bookforge] Generating continuity pack: ch004 sc006...
[bookforge] Continuity pack ready OK
[bookforge] Writing scene: ch004 sc006...
[bookforge] Write complete OK
[bookforge] Repairing state: ch004 sc006...
[bookforge] State repair complete OK
[bookforge] Linting scene: ch004 sc006...
[bookforge] Lint status: fail
[bookforge] Repairing scene: ch004 sc006...
[bookforge] Repair complete OK
[bookforge] Repairing state: ch004 sc006...
[bookforge] State repair complete OK
[bookforge] Linting scene: ch004 sc006...
[bookforge] Lint status: fail
[bookforge] Repairing scene: ch004 sc006...
[bookforge] Repair complete OK
[bookforge] Repairing state: ch004 sc006...
[bookforge] State repair complete OK
[bookforge] Linting scene: ch004 sc006...
[bookforge] Lint status: fail
[bookforge] Repairing scene: ch004 sc006...
[bookforge] Repair complete OK
[bookforge] Repairing state: ch004 sc006...
[bookforge] State repair complete OK
[bookforge] Linting scene: ch004 sc006...
[bookforge] Lint status: fail
[bookforge] Repairing scene: ch004 sc006...
[bookforge] Repair complete OK
[bookforge] Repairing state: ch004 sc006...
[bookforge] State repair complete OK
[bookforge] Linting scene: ch004 sc006...
[bookforge] Lint status: fail
[bookforge] Repairing scene: ch004 sc006...
[bookforge] Repair complete OK
[bookforge] Repairing state: ch004 sc006...
[bookforge] State repair complete OK
[bookforge] Linting scene: ch004 sc006...
[bookforge] Lint status: fail
[bookforge] Repairing scene: ch004 sc006...
[bookforge] Repair complete OK
[bookforge] Repairing state: ch004 sc006...
[bookforge] State repair complete OK
[bookforge] Linting scene: ch004 sc006...
[bookforge] Lint status: fail
[bookforge] Repairing scene: ch004 sc006...
[bookforge] Repair complete OK
[bookforge] Repairing state: ch004 sc006...
[bookforge] State repair complete OK
[bookforge] Linting scene: ch004 sc006...
[bookforge] Lint status: pass
[bookforge] Applying state patch...
[bookforge] State updated OK
[bookforge] Updating character states...
[bookforge] Character states updated OK
[bookforge] Durable state updated OK
[bookforge] Persisting scene files...
[bookforge] Scene files written OK
[bookforge] Rolling up chapter summary: ch004...
[bookforge] Compiling chapter: ch004...
[bookforge] Chapter compiled OK
[bookforge] Advancing cursor -> ch005 sc001
