run_id: run_20260420_234937
book_id: veiled_ledger_b1
started_at: 2026-04-20T23:49:37Z
[bookforge] Outline pipeline summary:
- Result: SUCCESS
- Seam outcomes: candidates=16 selected=16 inserted=0 blocked=0 exact_conflicts=0 unresolved_required_insertions=0
- Report: workspace\books\veiled_ledger_b1\outline\pipeline_runs\20260419_050005\outline_pipeline_report.json
outline_attention_ack=false
outline_gate_bypass=false
[bookforge] Planning chapter 7 scene 1...
[bookforge] Planned scene card: ch007 sc001 OK
[bookforge] Loading character states (cast only): ch007 sc001...
[bookforge] Character states loaded OK
[bookforge] Character state snapshots written: 3
[bookforge] Preflight state alignment: ch007 sc001...
[bookforge] Preflight alignment complete OK
[bookforge] Generating continuity pack: ch007 sc001...
[bookforge] Continuity pack ready OK
[bookforge] Writing scene: ch007 sc001...
[bookforge] Write complete OK
[bookforge] Repairing state: ch007 sc001...
[bookforge] State repair complete OK
[bookforge] Linting scene: ch007 sc001...
[bookforge] Lint status: fail
[bookforge] Repairing scene: ch007 sc001...
[bookforge] Repair complete OK
[bookforge] Repairing state: ch007 sc001...
[bookforge] State repair complete OK
[bookforge] Linting scene: ch007 sc001...
[bookforge] Lint status: fail
[bookforge] Repairing scene: ch007 sc001...
[bookforge] Repair complete OK
[bookforge] Repairing state: ch007 sc001...
[bookforge] State repair complete OK
[bookforge] Linting scene: ch007 sc001...
[bookforge] Lint status: pass
[bookforge] Applying state patch...
[bookforge] State updated OK
[bookforge] Updating character states...
[bookforge] Character states updated OK
[bookforge] Persisting scene files...
[bookforge] Scene files written OK
[bookforge] Advancing cursor -> ch007 sc002
[bookforge] Planning chapter 7 scene 2...
[bookforge] Planned scene card: ch007 sc002 OK
[bookforge] Loading character states (cast only): ch007 sc002...
[bookforge] Character states loaded OK
[bookforge] Character state snapshots written: 3
[bookforge] Preflight state alignment: ch007 sc002...
[bookforge] Preflight alignment complete OK
[bookforge] Generating continuity pack: ch007 sc002...
[bookforge] Continuity pack ready OK
[bookforge] Writing scene: ch007 sc002...
[bookforge] Write complete OK
[bookforge] Repairing state: ch007 sc002...
[bookforge] State repair complete OK
[bookforge] Linting scene: ch007 sc002...
[bookforge] Lint status: fail
[bookforge] Repairing scene: ch007 sc002...
[bookforge] Repair complete OK
[bookforge] Repairing state: ch007 sc002...
[bookforge] State repair complete OK
[bookforge] Linting scene: ch007 sc002...
[bookforge] Lint status: fail
[bookforge] Repairing scene: ch007 sc002...
[bookforge] Repair complete OK
[bookforge] Repairing state: ch007 sc002...
[bookforge] State repair complete OK
[bookforge] Linting scene: ch007 sc002...
[bookforge] Lint status: fail
[bookforge] Repairing scene: ch007 sc002...
[bookforge] Repair complete OK
[bookforge] Repairing state: ch007 sc002...
[bookforge] State repair complete OK
[bookforge] Linting scene: ch007 sc002...
[bookforge] Lint status: fail
[bookforge] Repairing scene: ch007 sc002...
[bookforge] Repair complete OK
[bookforge] Repairing state: ch007 sc002...
[bookforge] State repair complete OK
[bookforge] Linting scene: ch007 sc002...
[bookforge] Lint status: fail
[bookforge] Repairing scene: ch007 sc002...
[bookforge] Repair complete OK
[bookforge] Repairing state: ch007 sc002...
[bookforge] State repair complete OK
[bookforge] Linting scene: ch007 sc002...
[bookforge] Lint status: fail
[bookforge] Repairing scene: ch007 sc002...
[bookforge] Repair complete OK
[bookforge] Repairing state: ch007 sc002...
[bookforge] State repair complete OK
[bookforge] Linting scene: ch007 sc002...
[bookforge] Lint status: fail
[bookforge] Repairing scene: ch007 sc002...
[bookforge] Repair complete OK
[bookforge] Repairing state: ch007 sc002...
[bookforge] State repair complete OK
[bookforge] Linting scene: ch007 sc002...
[bookforge] Lint status: fail
[bookforge] Repairing scene: ch007 sc002...
[bookforge] Repair complete OK
[bookforge] Repairing state: ch007 sc002...
[bookforge] State repair complete OK
[bookforge] Linting scene: ch007 sc002...
[bookforge] Lint status: fail
[bookforge] Applying state patch...
[bookforge] State updated OK
[bookforge] Updating character states...
[bookforge] Character states updated OK
[bookforge] Durable state updated OK
[bookforge] Persisting scene files...
[bookforge] Scene files written OK
[bookforge] Advancing cursor -> ch007 sc003
[bookforge] Planning chapter 7 scene 3...
[bookforge] Planned scene card: ch007 sc003 OK
[bookforge] Loading character states (cast only): ch007 sc003...
[bookforge] Character states loaded OK
[bookforge] Character state snapshots written: 3
[bookforge] Preflight state alignment: ch007 sc003...
[bookforge] Preflight alignment complete OK
[bookforge] Generating continuity pack: ch007 sc003...
[bookforge] Continuity pack ready OK
[bookforge] Writing scene: ch007 sc003...
[bookforge] Write complete OK
[bookforge] Repairing state: ch007 sc003...
[bookforge] State repair complete OK
[bookforge] Linting scene: ch007 sc003...
[bookforge] Lint status: fail
[bookforge] Repairing scene: ch007 sc003...
[bookforge] Repair complete OK
[bookforge] Repairing state: ch007 sc003...
[bookforge] State repair complete OK
[bookforge] Linting scene: ch007 sc003...
[bookforge] Lint status: pass
[bookforge] Applying state patch...
[bookforge] State updated OK
[bookforge] Updating character states...
[bookforge] Character states updated OK
[bookforge] Persisting scene files...
[bookforge] Scene files written OK
[bookforge] Rolling up chapter summary: ch007...
[bookforge] Compiling chapter: ch007...
[bookforge] Chapter compiled OK
[bookforge] Advancing cursor -> ch008 sc001
