run_id: run_20260420_113345
book_id: veiled_ledger_b1
started_at: 2026-04-20T11:33:45Z
[bookforge] Outline pipeline summary:
- Result: SUCCESS
- Seam outcomes: candidates=16 selected=16 inserted=0 blocked=0 exact_conflicts=0 unresolved_required_insertions=0
- Report: workspace\books\veiled_ledger_b1\outline\pipeline_runs\20260419_050005\outline_pipeline_report.json
outline_attention_ack=false
outline_gate_bypass=false
[bookforge] Planning chapter 3 scene 5...
[bookforge] Planned scene card: ch003 sc005 OK
[bookforge] Loading character states (cast only): ch003 sc005...
[bookforge] Character states loaded OK
[bookforge] Preflight state alignment: ch003 sc005...
[bookforge] Preflight alignment complete OK
[bookforge] Generating continuity pack: ch003 sc005...
[bookforge] Continuity pack ready OK
[bookforge] Writing scene: ch003 sc005...
[bookforge] Write complete OK
[bookforge] Repairing state: ch003 sc005...
[bookforge] State repair complete OK
[bookforge] Linting scene: ch003 sc005...
[bookforge] Lint status: fail
[bookforge] Repairing scene: ch003 sc005...
[bookforge] Repair complete OK
[bookforge] Repairing state: ch003 sc005...
[bookforge] State repair complete OK
[bookforge] Linting scene: ch003 sc005...
[bookforge] Lint status: fail
[bookforge] Repairing scene: ch003 sc005...
[bookforge] Repair complete OK
[bookforge] Repairing state: ch003 sc005...
[bookforge] State repair complete OK
[bookforge] Linting scene: ch003 sc005...
[bookforge] Lint status: fail
[bookforge] Repairing scene: ch003 sc005...
[bookforge] Repair complete OK
[bookforge] Repairing state: ch003 sc005...
[bookforge] State repair complete OK
[bookforge] Linting scene: ch003 sc005...
[bookforge] Lint status: fail
[bookforge] Repairing scene: ch003 sc005...
[bookforge] Repair complete OK
[bookforge] Repairing state: ch003 sc005...
[bookforge] State repair complete OK
[bookforge] Linting scene: ch003 sc005...
[bookforge] Lint status: fail
[bookforge] Repairing scene: ch003 sc005...
[bookforge] Repair complete OK
[bookforge] Repairing state: ch003 sc005...
[bookforge] State repair complete OK
[bookforge] Linting scene: ch003 sc005...
[bookforge] Lint status: fail
[bookforge] Repairing scene: ch003 sc005...
[bookforge] Repair complete OK
[bookforge] Repairing state: ch003 sc005...
[bookforge] State repair complete OK
[bookforge] Linting scene: ch003 sc005...
[bookforge] Lint status: fail
[bookforge] Repairing scene: ch003 sc005...
[bookforge] Repair complete OK
[bookforge] Repairing state: ch003 sc005...
[bookforge] State repair complete OK
[bookforge] Linting scene: ch003 sc005...
[bookforge] Lint status: fail
[bookforge] Repairing scene: ch003 sc005...
[bookforge] Repair complete OK
[bookforge] Repairing state: ch003 sc005...
[bookforge] State repair complete OK
[bookforge] Linting scene: ch003 sc005...
[bookforge] Lint status: pass
[bookforge] Applying state patch...
[bookforge] State updated OK
[bookforge] Updating character states...
[bookforge] Character states updated OK
[bookforge] Durable state updated OK
[bookforge] Persisting scene files...
