run_id: run_20260419_133709
book_id: veiled_ledger_b1
started_at: 2026-04-19T13:37:09Z
[bookforge] Outline pipeline summary:
- Result: SUCCESS
- Seam outcomes: candidates=16 selected=16 inserted=0 blocked=0 exact_conflicts=0 unresolved_required_insertions=0
- Report: workspace\books\veiled_ledger_b1\outline\pipeline_runs\20260419_050005\outline_pipeline_report.json
outline_attention_ack=false
outline_gate_bypass=false
[bookforge] Planning chapter 1 scene 3...
[bookforge] Planned scene card: ch001 sc003 OK
[bookforge] Loading character states (cast only): ch001 sc003...
[bookforge] Character states loaded OK
[bookforge] Character state snapshots written: 1
[bookforge] Preflight state alignment: ch001 sc003...
[bookforge] Preflight alignment complete OK
[bookforge] Generating continuity pack: ch001 sc003...
[bookforge] Continuity pack ready OK
[bookforge] Writing scene: ch001 sc003...
[bookforge] Write complete OK
[bookforge] Repairing state: ch001 sc003...
[bookforge] State repair complete OK
[bookforge] Linting scene: ch001 sc003...
[bookforge] Lint status: pass
[bookforge] Applying state patch...
[bookforge] State updated OK
[bookforge] Updating character states...
[bookforge] Character states updated OK
[bookforge] Persisting scene files...
[bookforge] Scene files written OK
[bookforge] Advancing cursor -> ch001 sc004
[bookforge] Planning chapter 1 scene 4...
[bookforge] Planned scene card: ch001 sc004 OK
[bookforge] Loading character states (cast only): ch001 sc004...
[bookforge] Character states loaded OK
[bookforge] Character state snapshots written: 1
[bookforge] Preflight state alignment: ch001 sc004...
[bookforge] Preflight alignment complete OK
[bookforge] Generating continuity pack: ch001 sc004...
[bookforge] Continuity pack ready OK
[bookforge] Writing scene: ch001 sc004...
[bookforge] Write complete OK
[bookforge] Repairing state: ch001 sc004...
[bookforge] State repair complete OK
[bookforge] Linting scene: ch001 sc004...
[bookforge] Lint status: pass
[bookforge] Applying state patch...
[bookforge] State updated OK
[bookforge] Updating character states...
[bookforge] Character states updated OK
[bookforge] Persisting scene files...
[bookforge] Scene files written OK
[bookforge] Rolling up chapter summary: ch001...
[bookforge] Compiling chapter: ch001...
[bookforge] Chapter compiled OK
[bookforge] Advancing cursor -> ch002 sc001
