run_id: run_20260227_230152
book_id: criticulous_b1
started_at: 2026-02-27T23:01:52Z
[bookforge] Outline pipeline summary:
- Result: ERROR
- Phase failed: phase_04b_transition_execution
- Reason codes: transition_insertion_required, llm_request_error
- Seam outcomes: candidates=47 selected=27 inserted=0 blocked=20 exact_conflicts=0 unresolved_required_insertions=0
- Attention items: 1
- Report: workspace\books\criticulous_b1\outline\pipeline_runs\20260220_081119\outline_pipeline_report.json
[bookforge] WRITE GATE BYPASS ENABLED: continuing despite outline pipeline status ERROR. Report: workspace\books\criticulous_b1\outline\pipeline_runs\20260220_081119\outline_pipeline_report.json
outline_gate_bypass=true reason=status_error
outline_attention_ack=false
[bookforge] Using existing scene card: ch001 sc001
[bookforge] Loading character states (cast only): ch001 sc001...
[bookforge] Character states loaded OK
[bookforge] Character state snapshots written: 1
[bookforge] Preflight state alignment: ch001 sc001...
[bookforge] Durable state updated (preflight) OK
[bookforge] Preflight alignment complete OK
[bookforge] Generating continuity pack: ch001 sc001...
[bookforge] Continuity pack ready OK
[bookforge] Writing scene: ch001 sc001...
[bookforge] Write complete OK
[bookforge] Repairing state: ch001 sc001...
[bookforge] State repair complete OK
