run_id: run_20260227_231240
book_id: criticulous_b1
started_at: 2026-02-27T23:12:40Z
[bookforge] Outline pipeline summary:
- Result: ERROR
- Phase failed: phase_04b_transition_execution
- Reason codes: transition_insertion_required, llm_request_error
- Seam outcomes: candidates=47 selected=27 inserted=0 blocked=20 exact_conflicts=0 unresolved_required_insertions=0
- Attention items: 1
- Report: workspace\books\criticulous_b1\outline\pipeline_runs\20260220_081119\outline_pipeline_report.json
[bookforge] WRITE GATE BYPASS ENABLED: continuing despite outline pipeline status ERROR. Report: workspace\books\criticulous_b1\outline\pipeline_runs\20260220_081119\outline_pipeline_report.json
outline_gate_bypass=true reason=status_error
outline_attention_ack=false
[bookforge] Using existing scene card: ch001 sc001
[bookforge] Loading character states (cast only): ch001 sc001...
[bookforge] Character states loaded OK
[bookforge] Character state snapshots written: 1
[bookforge] Preflight state alignment: ch001 sc001...
[bookforge] Using preflight patch from phase history
[bookforge] Preflight alignment complete OK
[bookforge] Generating continuity pack: ch001 sc001...
[bookforge] Using continuity pack from phase history
[bookforge] Continuity pack ready OK
[bookforge] Writing scene: ch001 sc001...
[bookforge] Using write artifacts from phase history
[bookforge] Write complete OK
[bookforge] Repairing state: ch001 sc001...
[bookforge] State repair complete OK
[bookforge] Linting scene: ch001 sc001...
[bookforge] Lint status: fail
[bookforge] Repairing scene: ch001 sc001...
[bookforge] Repair complete OK
[bookforge] Repairing state: ch001 sc001...
[bookforge] State repair complete OK
[bookforge] Linting scene: ch001 sc001...
[bookforge] Lint status: pass
[bookforge] Applying state patch...
[bookforge] State updated OK
[bookforge] Updating character states...
[bookforge] Character states updated OK
[bookforge] Durable state updated OK
[bookforge] Persisting scene files...
[bookforge] Scene files written OK
[bookforge] Advancing cursor -> ch001 sc002
[bookforge] Planning chapter 1 scene 2...
[bookforge] Planned scene card: ch001 sc002 OK
[bookforge] Loading character states (cast only): ch001 sc002...
[bookforge] Character states loaded OK
[bookforge] Character state snapshots written: 2
[bookforge] Preflight state alignment: ch001 sc002...
[bookforge] Durable state updated (preflight) OK
[bookforge] Preflight alignment complete OK
[bookforge] Generating continuity pack: ch001 sc002...
[bookforge] Continuity pack ready OK
[bookforge] Writing scene: ch001 sc002...
[bookforge] Write complete OK
[bookforge] Repairing state: ch001 sc002...
[bookforge] State repair complete OK
[bookforge] Linting scene: ch001 sc002...
[bookforge] Lint status: fail
