run_id: run_20260227_234335
book_id: criticulous_b1
started_at: 2026-02-27T23:43:35Z
[bookforge] Outline pipeline summary:
- Result: ERROR
- Phase failed: phase_04b_transition_execution
- Reason codes: transition_insertion_required, llm_request_error
- Seam outcomes: candidates=47 selected=27 inserted=0 blocked=20 exact_conflicts=0 unresolved_required_insertions=0
- Attention items: 1
- Report: workspace\books\criticulous_b1\outline\pipeline_runs\20260220_081119\outline_pipeline_report.json
[bookforge] WRITE GATE BYPASS ENABLED: continuing despite outline pipeline status ERROR. Report: workspace\books\criticulous_b1\outline\pipeline_runs\20260220_081119\outline_pipeline_report.json
outline_gate_bypass=true reason=status_error
outline_attention_ack=false
[bookforge] Using existing scene card: ch001 sc002
[bookforge] Loading character states (cast only): ch001 sc002...
[bookforge] Character states loaded OK
[bookforge] Character state snapshots written: 2
[bookforge] Preflight state alignment: ch001 sc002...
[bookforge] Using preflight patch from phase history
[bookforge] Preflight alignment complete OK
[bookforge] Generating continuity pack: ch001 sc002...
[bookforge] Using continuity pack from phase history
[bookforge] Continuity pack ready OK
[bookforge] Writing scene: ch001 sc002...
[bookforge] Using write artifacts from phase history
[bookforge] Write complete OK
[bookforge] Repairing state: ch001 sc002...
[bookforge] Using state_repair patch from phase history
[bookforge] State repair complete OK
[bookforge] Linting scene: ch001 sc002...
[bookforge] Lint status: fail
[bookforge] Repairing scene: ch001 sc002...
[bookforge] Repair complete OK
[bookforge] Repairing state: ch001 sc002...
[bookforge] State repair complete OK
[bookforge] Linting scene: ch001 sc002...
[bookforge] Lint status: fail
[bookforge] Applying state patch...
[bookforge] State updated OK
[bookforge] Updating character states...
[bookforge] Character states updated OK
[bookforge] Appearance projections refreshed: 1
[bookforge] Run paused (durable_apply_validation_failed) in phase 'durable_apply_scene': Scope policy violation: inventory_alignment_updates require timeline_scope=present and ontological_scope=real unless explicit scope override is set.
