run_id: run_20260215_193122
book_id: criticulous_b1
started_at: 2026-02-15T19:31:22Z
[bookforge] Outline Pipeline Summary:
- Result: SUCCESS_WITH_WARNINGS
- Mode values: strict_transition_bridges=True strict_transition_hints=False strict_location_identity=True insert_budget=10 allow_insertions=True exact_scene_count=False
- Seam outcomes: inserted=7 inline=14 hard_cut=0 blocked_by_budget=0
- Top seam decisions:
  - 1:6->1:7 score=60 resolution=full_scene
  - 1:9->1:10 score=60 resolution=full_scene
  - 2:3->2:4 score=60 resolution=full_scene
- Attempts: phase_01_chapter_spine:1/2, phase_02_section_architecture:1/2, phase_03_scene_draft:2/2, phase_04_transition_causality_refinement:1/2, phase_05_cast_function_refinement:1/2, phase_06_thread_payoff_refinement:1/2
- Attention count: 0
- Report: C:\Users\Zythis\source\repos\bookforge\workspace\books\criticulous_b1\outline\pipeline_runs\20260215_191811\outline_pipeline_report.json
outline_attention_ack=false
outline_gate_bypass=false
[bookforge] Planning chapter 1 scene 1...
[bookforge] Planned scene card: ch001 sc001 OK
[bookforge] Loading character states (cast only): ch001 sc001...
[bookforge] Character states loaded OK
[bookforge] Character state snapshots written: 1
[bookforge] Preflight state alignment: ch001 sc001...
[bookforge] Durable state updated (preflight) OK
[bookforge] Preflight alignment complete OK
[bookforge] Generating continuity pack: ch001 sc001...
[bookforge] Continuity pack ready OK
[bookforge] Writing scene: ch001 sc001...
[bookforge] Write complete OK
[bookforge] Repairing state: ch001 sc001...
[bookforge] State repair complete OK
[bookforge] Linting scene: ch001 sc001...
[bookforge] Lint status: fail
