run_id: run_20260227_230001
run_id: run_20260227_230001
book_id: criticulous_b1
book_id: criticulous_b1
started_at: 2026-02-27T23:00:01Z
started_at: 2026-02-27T23:00:01Z
[bookforge] Outline pipeline summary:
- Result: ERROR
- Phase failed: phase_04b_transition_execution
- Reason codes: transition_insertion_required, llm_request_error
- Seam outcomes: candidates=47 selected=27 inserted=0 blocked=20 exact_conflicts=0 unresolved_required_insertions=0
- Attention items: 1
- Report: workspace\books\criticulous_b1\outline\pipeline_runs\20260220_081119\outline_pipeline_report.json
[bookforge] Outline pipeline summary:
- Result: ERROR
- Phase failed: phase_04b_transition_execution
- Reason codes: transition_insertion_required, llm_request_error
- Seam outcomes: candidates=47 selected=27 inserted=0 blocked=20 exact_conflicts=0 unresolved_required_insertions=0
- Attention items: 1
- Report: workspace\books\criticulous_b1\outline\pipeline_runs\20260220_081119\outline_pipeline_report.json
